app/dashboard/view/page.tsx(24,9): error TS2322: Type '{ professor: string; turma: string; horario: string; }' is not assignable to type 'never'.
app/dashboard/view/page.tsx(25,9): error TS2322: Type '{ professor: string; turma: string; horario: string; }' is not assignable to type 'never'.
app/dashboard/view/page.tsx(49,14): error TS2322: Type '{ width: string; display: string; flexDirection: string; gap: string; }' is not assignable to type 'Properties<string | number, string & {}>'.
  Types of property 'flexDirection' are incompatible.
    Type 'string' is not assignable to type 'FlexDirection | undefined'.
app/dashboard/view/page.tsx(52,28): error TS2339: Property 'id' does not exist on type 'never'.
app/dashboard/view/page.tsx(52,41): error TS2339: Property 'name' does not exist on type 'never'.
app/dashboard/view/page.tsx(58,28): error TS2339: Property 'id' does not exist on type 'never'.
app/dashboard/view/page.tsx(58,41): error TS2339: Property 'name' does not exist on type 'never'.
app/dashboard/view/page.tsx(69,26): error TS2339: Property 'professor' does not exist on type 'never'.
app/dashboard/view/page.tsx(70,32): error TS2339: Property 'turma' does not exist on type 'never'.
app/dashboard/view/page.tsx(70,45): error TS2339: Property 'horario' does not exist on type 'never'.
